###############################################################################
#
# IAR ELF Linker V3.10.1.201 for STM8                     29/Oct/2019  16:41:50
# Copyright 2010-2017 IAR Systems AB.
#
#    Output file  =  D:\Prj_temp\Proj_l8_stm8exBoard\Debug\Exe\L8_exBoard.out
#    Map file     =  D:\Prj_temp\Proj_l8_stm8exBoard\Debug\List\L8_exBoard.map
#    Command line =  
#        -f C:\Users\ADMINI~1\AppData\Local\Temp\EW1F62.tmp
#        (D:\Prj_temp\Proj_l8_stm8exBoard\Debug\Obj\main.o
#        D:\Prj_temp\Proj_l8_stm8exBoard\Debug\Obj\stm8s_beep.o
#        D:\Prj_temp\Proj_l8_stm8exBoard\Debug\Obj\stm8s_clk.o
#        D:\Prj_temp\Proj_l8_stm8exBoard\Debug\Obj\stm8s_exti.o
#        D:\Prj_temp\Proj_l8_stm8exBoard\Debug\Obj\stm8s_gpio.o
#        D:\Prj_temp\Proj_l8_stm8exBoard\Debug\Obj\stm8s_it.o
#        D:\Prj_temp\Proj_l8_stm8exBoard\Debug\Obj\stm8s_itc.o
#        D:\Prj_temp\Proj_l8_stm8exBoard\Debug\Obj\stm8s_iwdg.o
#        D:\Prj_temp\Proj_l8_stm8exBoard\Debug\Obj\stm8s_spi.o
#        D:\Prj_temp\Proj_l8_stm8exBoard\Debug\Obj\stm8s_tim1.o
#        D:\Prj_temp\Proj_l8_stm8exBoard\Debug\Obj\stm8s_uart1.o --redirect
#        _Printf=_PrintfSmall --redirect _Scanf=_ScanfSmall -o
#        D:\Prj_temp\Proj_l8_stm8exBoard\Debug\Exe\L8_exBoard.out --strip --map
#        D:\Prj_temp\Proj_l8_stm8exBoard\Debug\List\L8_exBoard.map --log
#        libraries,initialization,modules,redirects,sections,unused_fragments
#        --log_file D:\Prj_temp\Proj_l8_stm8exBoard\Debug\List\L8_exBoard.log
#        --config D:\IAR\stm8\config\lnkstm8s103f3.icf --config_def
#        _CSTACK_SIZE=0x100 --config_def _HEAP_SIZE=0x100 --entry
#        __iar_program_start --debug_lib)
#
###############################################################################

*******************************************************************************
*** RUNTIME MODEL ATTRIBUTES
***

__SystemLibrary            = DLib
__code_model               = small
__core                     = stm8
__data_model               = medium
__dlib_file_descriptor     = 0
__dlib_full_locale_support = 0
__rt_version               = 4


*******************************************************************************
*** PLACEMENT SUMMARY
***

"A0":  place at start of [0x000000-0x0000ff] { rw section .vregs };
"A1":  place at end of [0x000000-0x0003ff] { block CSTACK };
"P2":  place in [from 0x000000 to 0x0003ff] {
          block HEAP, rw section __DLIB_PERTHREAD, rw section .far.bss,
          rw section .far.data, rw section .far.noinit,
          rw section .far_func.textrw, rw section .huge.bss,
          rw section .huge.data, rw section .huge.noinit,
          rw section .huge_func.textrw, rw section .iar.dynexit,
          rw section .near.bss, rw section .near.data, rw section .near.noinit,
          rw section .near_func.textrw };
"A2":  place at start of [0x008000-0x009fff] { block INTVEC };
"P3":  place in [from 0x008000 to 0x009fff] {
          ro section __DLIB_PERTHREAD_init, ro section .far.data_init,
          ro section .far_func.textrw_init, ro section .huge.data_init,
          ro section .huge_func.textrw_init, ro section .iar.init_table,
          ro section .init_array, ro section .near.data_init,
          ro section .near.rodata, ro section .near_func.text,
          ro section .near_func.textrw_init, ro section .tiny.data_init,
          ro section .tiny.rodata_init };
"P4":  place in [from 0x008000 to 0x009fff] {
          ro section .far.rodata, ro section .far_func.text };
"P5":  place in [from 0x008000 to 0x009fff] {
          ro section .huge.rodata, ro section .huge_func.text };
do not initialize {
   rw section .eeprom.noinit, rw section .far.noinit, rw section .huge.noinit,
   rw section .near.noinit, rw section .tiny.noinit, rw section .vregs };
initialize by copy {
   rw section .far.bss, rw section .far.data, rw section .far_func.textrw,
   rw section .huge.bss, rw section .huge.data, rw section .huge_func.textrw,
   rw section .iar.dynexit, rw section .near.bss, rw section .near.data,
   rw section .near_func.textrw, rw section .tiny.bss, rw section .tiny.data,
   ro section .tiny.rodata };

  Section            Kind      Address    Size  Object
  -------            ----      -------    ----  ------
"A0":                                     0x10
  .vregs             uninit   0x000000    0x10  vregs.o [4]
                            - 0x000010    0x10

"P2", part 1 of 2:                         0x7
  P2-1                        0x000010     0x7  <Init block>
    .near.data       inited   0x000010     0x2  main.o [1]
    .near.data       inited   0x000012     0x3  main.o [1]
    .near.data       inited   0x000015     0x2  main.o [1]
                            - 0x000017     0x7

"P2", part 2 of 2:                        0x78
  .near.bss          zero     0x000017    0x43  main.o [1]
  .near.bss          zero     0x00005a    0x20  main.o [1]
  .near.bss          zero     0x00007a     0x6  main.o [1]
  .near.bss          zero     0x000080     0x6  main.o [1]
  .near.bss          zero     0x000086     0x2  main.o [1]
  .near.bss          zero     0x000088     0x2  main.o [1]
  .near.bss          zero     0x00008a     0x2  main.o [1]
  .near.bss          zero     0x00008c     0x2  main.o [1]
  .near.bss          zero     0x00008e     0x1  main.o [1]
                            - 0x00008f    0x78

"A1":                                    0x100
  CSTACK                      0x000300   0x100  <Block>
    CSTACK           uninit   0x000300   0x100  <Block tail>
                            - 0x000400   0x100

"A2":                                     0x80
  INTVEC                      0x008000    0x80  <Block>
    .intvec          const    0x008000    0x80  interrupt.o [4]
                            - 0x008080    0x80

"P3-P5":                                0x104c
  .near_func.text    ro code  0x008080   0x2a2  main.o [1]
  .near_func.text    ro code  0x008322   0x134  stm8s_uart1.o [1]
  .near_func.text    ro code  0x008456   0x12b  long.o [4]
  .near_func.text    ro code  0x008581   0x10b  vreg_util.o [4]
  .near_func.text    ro code  0x00868c    0xec  stm8s_itc.o [1]
  .near_func.text    ro code  0x008778    0xd8  main.o [1]
  .near_func.text    ro code  0x008850    0x8e  stm8s_gpio.o [1]
  .near_func.text    ro code  0x0088de    0x83  main.o [1]
  .near_func.text    ro code  0x008961    0x6d  stm8s_exti.o [1]
  .near_func.text    ro code  0x0089ce    0x6c  stm8s_uart1.o [1]
  .near_func.text    ro code  0x008a3a    0x68  main.o [1]
  .near_func.text    ro code  0x008aa2    0x66  main.o [1]
  .near_func.text    ro code  0x008b08    0x57  stm8s_clk.o [1]
  .near_func.text    ro code  0x008b5f    0x47  long_util.o [4]
  .near_func.text    ro code  0x008ba6    0x40  main.o [1]
  .near_func.text    ro code  0x008be6    0x3e  main.o [1]
  .near_func.text    ro code  0x008c24    0x3d  main.o [1]
  .near_func.text    ro code  0x008c61    0x35  main.o [1]
  .near_func.text    ro code  0x008c96    0x33  main.o [1]
  .near_func.text    ro code  0x008cc9    0x33  dc_util.o [4]
  .near_func.text    ro code  0x008cfc    0x32  stm8s_uart1.o [1]
  .near_func.text    ro code  0x008d2e    0x2d  stm8s_uart1.o [1]
  .near_func.text    ro code  0x008d5b    0x29  main.o [1]
  .near_func.text    ro code  0x008d84    0x28  init_small.o [4]
  .near_func.text    ro code  0x008dac    0x27  main.o [1]
  .near_func.text    ro code  0x008dd3    0x24  stm8s_tim1.o [1]
  .near_func.text    ro code  0x008df7    0x23  main.o [1]
  .near_func.text    ro code  0x008e1a    0x21  stm8s_itc.o [1]
  .iar.init_table    const    0x008e3b    0x12  - Linker created -
  .near_func.text    ro code  0x008e4d    0x1f  main.o [1]
  .near_func.text    ro code  0x008e6c    0x1f  memcpy.o [4]
  .near_func.text    ro code  0x008e8b    0x1e  init_small.o [4]
  .near_func.text    ro code  0x008ea9    0x1a  stm8s_tim1.o [1]
  .near_func.text    ro code  0x008ec3    0x18  short.o [4]
  .near_func.text    ro code  0x008edb    0x16  stm8s_it.o [1]
  .near_func.text    ro code  0x008ef1    0x16  stm8s_it.o [1]
  .near_func.text    ro code  0x008f07    0x16  stm8s_it.o [1]
  .near_func.text    ro code  0x008f1d    0x16  stm8s_it.o [1]
  .near_func.text    ro code  0x008f33    0x16  memset.o [4]
  .near_func.text    ro code  0x008f49    0x14  stm8s_gpio.o [1]
  .near_func.text    ro code  0x008f5d    0x14  init.o [4]
  .near_func.text    ro code  0x008f71    0x14  __dbg_xxexit.o [3]
  .near_func.text    ro code  0x008f85    0x13  stm8s_clk.o [1]
  .near_func.text    ro code  0x008f98    0x13  cstartup.o [4]
  .near_func.text    ro code  0x008fab    0x12  main.o [1]
  .near_func.text    ro code  0x008fbd    0x11  main.o [1]
  .near_func.text    ro code  0x008fce     0xf  stm8s_uart1.o [1]
  .near_func.text    ro code  0x008fdd     0xd  stm8s_clk.o [1]
  .near_func.text    ro code  0x008fea     0xd  stm8s_clk.o [1]
  .near_func.text    ro code  0x008ff7     0xd  stm8s_tim1.o [1]
  .near_func.text    ro code  0x009004     0xd  stm8s_tim1.o [1]
  .near_func.text    ro code  0x009011     0xd  stm8s_uart1.o [1]
  .near_func.text    ro code  0x00901e     0xd  move.o [4]
  .near_func.text    ro code  0x00902b     0xd  strlen.o [4]
  .near.rodata       const    0x009038     0xc  main.o [1]
  .near.rodata       const    0x009044     0xb  main.o [1]
  .near_func.text    ro code  0x00904f     0xb  main.o [1]
  .near_func.text    ro code  0x00905a     0x9  stm8s_exti.o [1]
  .near_func.text    ro code  0x009063     0x7  stm8s_gpio.o [1]
  Initializer bytes  const    0x00906a     0x7  <for P2-1>
  .near_func.text    ro code  0x009071     0x6  char.o [4]
  .near_func.text    ro code  0x009077     0x5  stm8s_iwdg.o [1]
  .near_func.text    ro code  0x00907c     0x5  stm8s_iwdg.o [1]
  .near_func.text    ro code  0x009081     0x5  stm8s_tim1.o [1]
  .near_func.text    ro code  0x009086     0x5  cexit.o [4]
  .near.rodata       const    0x00908b     0x4  main.o [1]
  .near.rodata       const    0x00908f     0x4  stm8s_clk.o [1]
  .near_func.text    ro code  0x009093     0x4  stm8s_gpio.o [1]
  .near_func.text    ro code  0x009097     0x4  stm8s_iwdg.o [1]
  .near_func.text    ro code  0x00909b     0x4  stm8s_iwdg.o [1]
  .near_func.text    ro code  0x00909f     0x4  stm8s_iwdg.o [1]
  .near_func.text    ro code  0x0090a3     0x4  stm8s_tim1.o [1]
  .near_func.text    ro code  0x0090a7     0x4  stm8s_uart1.o [1]
  .near_func.text    ro code  0x0090ab     0x4  stm8s_uart1.o [1]
  .near_func.text    ro code  0x0090af     0x3  interrupt.o [4]
  .near_func.text    ro code  0x0090b2     0x3  low_level_init.o [4]
  .near_func.text    ro code  0x0090b5     0x3  exit.o [4]
  .near_func.text    ro code  0x0090b8     0x3  unhandled_exception.o [4]
  .near_func.text    ro code  0x0090bb     0x1  stm8s_it.o [1]
  .near_func.text    ro code  0x0090bc     0x1  stm8s_it.o [1]
  .near_func.text    ro code  0x0090bd     0x1  stm8s_it.o [1]
  .near_func.text    ro code  0x0090be     0x1  stm8s_it.o [1]
  .near_func.text    ro code  0x0090bf     0x1  stm8s_it.o [1]
  .near_func.text    ro code  0x0090c0     0x1  stm8s_it.o [1]
  .near_func.text    ro code  0x0090c1     0x1  stm8s_it.o [1]
  .near_func.text    ro code  0x0090c2     0x1  stm8s_it.o [1]
  .near_func.text    ro code  0x0090c3     0x1  stm8s_it.o [1]
  .near_func.text    ro code  0x0090c4     0x1  stm8s_it.o [1]
  .near_func.text    ro code  0x0090c5     0x1  stm8s_it.o [1]
  .near_func.text    ro code  0x0090c6     0x1  stm8s_it.o [1]
  .near_func.text    ro code  0x0090c7     0x1  stm8s_it.o [1]
  .near_func.text    ro code  0x0090c8     0x1  stm8s_it.o [1]
  .near_func.text    ro code  0x0090c9     0x1  stm8s_it.o [1]
  .near_func.text    ro code  0x0090ca     0x1  stm8s_it.o [1]
  .near_func.text    ro code  0x0090cb     0x1  __dbg_break.o [3]
                            - 0x0090cc  0x104c


*******************************************************************************
*** INIT TABLE
***

          Address   Size
          -------   ----
Zero (__iar_zero_init2)
    1 destination range, total size 0x78:
          0x000017  0x78

Copy (__iar_copy_init2)
    1 source range, total size 0x7:
          0x00906a   0x7
    1 destination range, total size 0x7:
          0x000010   0x7



*******************************************************************************
*** MODULE SUMMARY
***

    Module                 ro code  ro data  rw data
    ------                 -------  -------  -------
D:\Prj_temp\Proj_l8_stm8exBoard\Debug\Obj: [1]
    main.o                   1 710       34      127
    stm8s_clk.o                132        4
    stm8s_exti.o               118
    stm8s_gpio.o               173
    stm8s_it.o                 104
    stm8s_itc.o                269
    stm8s_iwdg.o                22
    stm8s_tim1.o                97
    stm8s_uart1.o              547
    ------------------------------------------------
    Total:                   3 172       38      127

command line: [2]
    ------------------------------------------------
    Total:

dbgstm8smd.a: [3]
    __dbg_break.o                1
    __dbg_xxexit.o              20
    ------------------------------------------------
    Total:                      21

dlstm8smn.a: [4]
    cexit.o                      5
    char.o                       6
    cstartup.o                  19
    dc_util.o                   51
    exit.o                       3
    init.o                      20
    init_small.o                70
    interrupt.o                  3      128
    long.o                     299
    long_util.o                 71
    low_level_init.o             3
    memcpy.o                    31
    memset.o                    22
    move.o                      13
    short.o                     24
    strlen.o                    13
    unhandled_exception.o        3
    vreg_util.o                267
    vregs.o                                       16
    ------------------------------------------------
    Total:                     923      128       16

    Linker created                       18      256
----------------------------------------------------
    Grand Total:             4 116      184      399


*******************************************************************************
*** ENTRY LIST
***

Entry                    Address   Size  Type      Object
-----                    -------   ----  ----      ------
.iar.init_table$$Base   0x008e3b          --   Gb  - Linker created -
.iar.init_table$$Limit  0x008e4d          --   Gb  - Linker created -
?b0                     0x000000         Data  Gb  vregs.o [4]
?b1                     0x000001         Data  Gb  vregs.o [4]
?b10                    0x00000a         Data  Gb  vregs.o [4]
?b11                    0x00000b         Data  Gb  vregs.o [4]
?b12                    0x00000c         Data  Gb  vregs.o [4]
?b13                    0x00000d         Data  Gb  vregs.o [4]
?b14                    0x00000e         Data  Gb  vregs.o [4]
?b15                    0x00000f         Data  Gb  vregs.o [4]
?b2                     0x000002         Data  Gb  vregs.o [4]
?b3                     0x000003         Data  Gb  vregs.o [4]
?b4                     0x000004         Data  Gb  vregs.o [4]
?b5                     0x000005         Data  Gb  vregs.o [4]
?b6                     0x000006         Data  Gb  vregs.o [4]
?b7                     0x000007         Data  Gb  vregs.o [4]
?b8                     0x000008         Data  Gb  vregs.o [4]
?b9                     0x000009         Data  Gb  vregs.o [4]
?dc16_w0                0x008cc9         Code  Gb  dc_util.o [4]
?dc32_l0                0x008cd7         Code  Gb  dc_util.o [4]
?dc32_l1                0x008ce4         Code  Gb  dc_util.o [4]
?dc32_px                0x008cf1         Code  Gb  dc_util.o [4]
?e0                     0x000001         Data  Gb  vregs.o [4]
?e1                     0x000005         Data  Gb  vregs.o [4]
?e2                     0x000009         Data  Gb  vregs.o [4]
?e3                     0x00000d         Data  Gb  vregs.o [4]
?epilogue_l2            0x008621         Code  Gb  vreg_util.o [4]
?epilogue_l2_l3         0x00861e         Code  Gb  vreg_util.o [4]
?epilogue_l2_w6         0x008625         Code  Gb  vreg_util.o [4]
?epilogue_w4            0x00862c         Code  Gb  vreg_util.o [4]
?l0                     0x000000         Data  Gb  vregs.o [4]
?l1                     0x000004         Data  Gb  vregs.o [4]
?l2                     0x000008         Data  Gb  vregs.o [4]
?l3                     0x00000c         Data  Gb  vregs.o [4]
?load32_0x_l0           0x008b98         Code  Gb  long_util.o [4]
?load32_asp_l0          0x008b8c         Code  Gb  long_util.o [4]
?load32_dbsp_l0         0x008b87         Code  Gb  long_util.o [4]
?load32_l0_0x           0x008b6f         Code  Gb  long_util.o [4]
?load32_l0_asp          0x008b64         Code  Gb  long_util.o [4]
?load32_l0_dbsp         0x008b5f         Code  Gb  long_util.o [4]
?load32_l0_xsp          0x008b66         Code  Gb  long_util.o [4]
?load32_l1_0x           0x008b7b         Code  Gb  long_util.o [4]
?load32_xsp_l0          0x008b8e         Code  Gb  long_util.o [4]
?mov_e0_e2              0x008641         Code  Gb  vreg_util.o [4]
?mov_e0_e3              0x00864e         Code  Gb  vreg_util.o [4]
?mov_e1_e0              0x00865b         Code  Gb  vreg_util.o [4]
?mov_e1_e2              0x008668         Code  Gb  vreg_util.o [4]
?mov_e2_e0              0x008675         Code  Gb  vreg_util.o [4]
?mov_e3_e0              0x008682         Code  Gb  vreg_util.o [4]
?mov_l0_l2              0x00863e         Code  Gb  vreg_util.o [4]
?mov_l0_l3              0x00864b         Code  Gb  vreg_util.o [4]
?mov_l1_l0              0x008658         Code  Gb  vreg_util.o [4]
?mov_l1_l2              0x008665         Code  Gb  vreg_util.o [4]
?mov_l2_l0              0x008672         Code  Gb  vreg_util.o [4]
?mov_l3_l0              0x00867f         Code  Gb  vreg_util.o [4]
?mov_w0_w5              0x008630         Code  Gb  vreg_util.o [4]
?mov_w1_w5              0x008644         Code  Gb  vreg_util.o [4]
?mov_w1_w7              0x008651         Code  Gb  vreg_util.o [4]
?mov_w2_w1              0x008637         Code  Gb  vreg_util.o [4]
?mov_w3_w1              0x00865e         Code  Gb  vreg_util.o [4]
?mov_w3_w5              0x00866b         Code  Gb  vreg_util.o [4]
?mov_w5_w1              0x008678         Code  Gb  vreg_util.o [4]
?mov_w7_w1              0x008685         Code  Gb  vreg_util.o [4]
?move1616_v_x_y_a       0x00901e         Code  Gb  move.o [4]
?mul32_l0_l0_0x         0x008474         Code  Gb  long.o [4]
?mul32_l0_l0_dl         0x008471         Code  Gb  long.o [4]
?mul32_l0_l0_l1         0x00847d         Code  Gb  long.o [4]
?or16_x_x_dw            0x008ec3         Code  Gb  short.o [4]
?or16_x_x_w0            0x008ec6         Code  Gb  short.o [4]
?pop_l0                 0x0085ea         Code  Gb  vreg_util.o [4]
?pop_l1                 0x0085f5         Code  Gb  vreg_util.o [4]
?pop_l2                 0x008600         Code  Gb  vreg_util.o [4]
?pop_l3                 0x00860b         Code  Gb  vreg_util.o [4]
?pop_w4                 0x0085a3         Code  Gb  vreg_util.o [4]
?pop_w6                 0x0085aa         Code  Gb  vreg_util.o [4]
?push_l0                0x0085b9         Code  Gb  vreg_util.o [4]
?push_l1                0x0085be         Code  Gb  vreg_util.o [4]
?push_l2                0x0085c3         Code  Gb  vreg_util.o [4]
?push_l3                0x0085c8         Code  Gb  vreg_util.o [4]
?push_w0                0x008581         Code  Gb  vreg_util.o [4]
?push_w4                0x008586         Code  Gb  vreg_util.o [4]
?push_w6                0x00858b         Code  Gb  vreg_util.o [4]
?sll16_x_x_a            0x008ece         Code  Gb  short.o [4]
?sll32_0x_0x_a          0x008573         Code  Gb  long.o [4]
?sll32_l0_l0_a          0x008570         Code  Gb  long.o [4]
?sll8_a_a_5             0x009072         Code  Gb  char.o [4]
?sll8_a_a_6             0x009071         Code  Gb  char.o [4]
?srl16_x_x_4            0x008ed6         Code  Gb  short.o [4]
?sub32_l0_l0_0x         0x008459         Code  Gb  long.o [4]
?sub32_l0_l0_l1         0x008456         Code  Gb  long.o [4]
?udiv32_l0_dl_l1        0x0084fb         Code  Gb  long.o [4]
?udiv32_l0_l0_dl        0x008500         Code  Gb  long.o [4]
?udiv32_l0_l0_l1        0x008503         Code  Gb  long.o [4]
?umod32_l1_l0_l1        0x008503         Code  Gb  long.o [4]
?w0                     0x000000         Data  Gb  vregs.o [4]
?w1                     0x000002         Data  Gb  vregs.o [4]
?w2                     0x000004         Data  Gb  vregs.o [4]
?w3                     0x000006         Data  Gb  vregs.o [4]
?w4                     0x000008         Data  Gb  vregs.o [4]
?w5                     0x00000a         Data  Gb  vregs.o [4]
?w6                     0x00000c         Data  Gb  vregs.o [4]
?w7                     0x00000e         Data  Gb  vregs.o [4]
ADC1_IRQHandler         0x0090c8    0x1  Code  Gb  stm8s_it.o [1]
AWU_IRQHandler          0x0090bd    0x1  Code  Gb  stm8s_it.o [1]
CLK_GetClockFreq        0x008b08   0x57  Code  Gb  stm8s_clk.o [1]
CLK_HSECmd              0x008fdd    0xd  Code  Gb  stm8s_clk.o [1]
CLK_HSICmd              0x008fea    0xd  Code  Gb  stm8s_clk.o [1]
CLK_HSIPrescalerConfig  0x008f85   0x13  Code  Gb  stm8s_clk.o [1]
CLK_IRQHandler          0x0090be    0x1  Code  Gb  stm8s_it.o [1]
CSTACK$$Base            0x000300          --   Gb  - Linker created -
CSTACK$$Limit           0x000400          --   Gb  - Linker created -
EEPROM_EEC_IRQHandler   0x0090ca    0x1  Code  Gb  stm8s_it.o [1]
EXTI_DeInit             0x00905a    0x9  Code  Gb  stm8s_exti.o [1]
EXTI_PORTA_IRQHandler   0x008edb   0x16  Code  Gb  stm8s_it.o [1]
EXTI_PORTB_IRQHandler   0x0090bf    0x1  Code  Gb  stm8s_it.o [1]
EXTI_PORTC_IRQHandler   0x0090c0    0x1  Code  Gb  stm8s_it.o [1]
EXTI_PORTD_IRQHandler   0x0090c1    0x1  Code  Gb  stm8s_it.o [1]
EXTI_PORTE_IRQHandler   0x0090c2    0x1  Code  Gb  stm8s_it.o [1]
EXTI_SetExtIntSensitivity
                        0x008961   0x6d  Code  Gb  stm8s_exti.o [1]
GPIO_DeInit             0x008f49   0x14  Code  Gb  stm8s_gpio.o [1]
GPIO_Init               0x008850   0x8e  Code  Gb  stm8s_gpio.o [1]
GPIO_WriteHigh          0x009063    0x7  Code  Gb  stm8s_gpio.o [1]
GPIO_WriteLow           0x009093    0x4  Code  Gb  stm8s_gpio.o [1]
HSIDivFactor            0x00908f    0x4  Data  Gb  stm8s_clk.o [1]
I2C_IRQHandler          0x0090c7    0x1  Code  Gb  stm8s_it.o [1]
INTVEC$$Base            0x008000          --   Gb  - Linker created -
INTVEC$$Limit           0x008080          --   Gb  - Linker created -
ITC_DeInit              0x008e1a   0x21  Code  Gb  stm8s_itc.o [1]
ITC_SetSoftwarePriority
                        0x00868c   0xec  Code  Gb  stm8s_itc.o [1]
IWDG_Enable             0x00907c    0x5  Code  Gb  stm8s_iwdg.o [1]
IWDG_ReloadCounter      0x009077    0x5  Code  Gb  stm8s_iwdg.o [1]
IWDG_SetPrescaler       0x00909b    0x4  Code  Gb  stm8s_iwdg.o [1]
IWDG_SetReload          0x00909f    0x4  Code  Gb  stm8s_iwdg.o [1]
IWDG_WriteAccessCmd     0x009097    0x4  Code  Gb  stm8s_iwdg.o [1]
Region$$Table$$Base     0x008e3b          --   Gb  - Linker created -
Region$$Table$$Limit    0x008e4d          --   Gb  - Linker created -
SPI_IRQHandler          0x0090c3    0x1  Code  Gb  stm8s_it.o [1]
TIM1_ARRPreloadConfig   0x009004    0xd  Code  Gb  stm8s_tim1.o [1]
TIM1_CAP_COM_IRQHandler
                        0x0090c4    0x1  Code  Gb  stm8s_it.o [1]
TIM1_ClearITPendingBit  0x009081    0x5  Code  Gb  stm8s_tim1.o [1]
TIM1_Cmd                0x008ff7    0xd  Code  Gb  stm8s_tim1.o [1]
TIM1_GenerateEvent      0x0090a3    0x4  Code  Gb  stm8s_tim1.o [1]
TIM1_ITConfig           0x008ea9   0x1a  Code  Gb  stm8s_tim1.o [1]
TIM1_TimeBaseInit       0x008dd3   0x24  Code  Gb  stm8s_tim1.o [1]
TIM1_UPD_OVF_TRG_BRK_IRQHandler
                        0x008ef1   0x16  Code  Gb  stm8s_it.o [1]
TIM2_CAP_COM_IRQHandler
                        0x0090c6    0x1  Code  Gb  stm8s_it.o [1]
TIM2_UPD_OVF_BRK_IRQHandler
                        0x0090c5    0x1  Code  Gb  stm8s_it.o [1]
TIM4_UPD_OVF_IRQHandler
                        0x0090c9    0x1  Code  Gb  stm8s_it.o [1]
TLI_IRQHandler          0x0090bc    0x1  Code  Gb  stm8s_it.o [1]
TRAP_IRQHandler         0x0090bb    0x1  Code  Gb  stm8s_it.o [1]
UART1_ClearITPendingBit
                        0x008fce    0xf  Code  Gb  stm8s_uart1.o [1]
UART1_Cmd               0x009011    0xd  Code  Gb  stm8s_uart1.o [1]
UART1_DeInit            0x008d2e   0x2d  Code  Gb  stm8s_uart1.o [1]
UART1_GetFlagStatus     0x008cfc   0x32  Code  Gb  stm8s_uart1.o [1]
UART1_ITConfig          0x0089ce   0x6c  Code  Gb  stm8s_uart1.o [1]
UART1_Init              0x008322  0x134  Code  Gb  stm8s_uart1.o [1]
UART1_RX_IRQHandler     0x008f1d   0x16  Code  Gb  stm8s_it.o [1]
UART1_ReceiveData8      0x0090a7    0x4  Code  Gb  stm8s_uart1.o [1]
UART1_SendData8         0x0090ab    0x4  Code  Gb  stm8s_uart1.o [1]
UART1_TX_IRQHandler     0x008f07   0x16  Code  Gb  stm8s_it.o [1]
__DebugBreak            0x0090cb    0x1  Code  Gb  __dbg_break.o [3]
__exit                  0x008f71   0x14  Code  Gb  __dbg_xxexit.o [3]
__iar_copy_init2        0x008d84         Code  Gb  init_small.o [4]
__iar_data_init2        0x008f5d   0x14  Code  Gb  init.o [4]
__iar_program_start     0x008f98         Code  Gb  cstartup.o [4]
__iar_unhandled_exception
                        0x0090b8         Code  Gb  unhandled_exception.o [4]
__iar_zero_init2        0x008e8b         Code  Gb  init_small.o [4]
__intvec                0x008000         Data  Gb  interrupt.o [4]
__low_level_init        0x0090b2    0x3  Code  Gb  low_level_init.o [4]
_exit                   0x009086         Code  Gb  cexit.o [4]
_interrupt_1            0x0090bb         Code  Gb  stm8s_it.o [1]
_interrupt_12           0x0090c3         Code  Gb  stm8s_it.o [1]
_interrupt_13           0x008ef1         Code  Gb  stm8s_it.o [1]
_interrupt_14           0x0090c4         Code  Gb  stm8s_it.o [1]
_interrupt_15           0x0090c5         Code  Gb  stm8s_it.o [1]
_interrupt_16           0x0090c6         Code  Gb  stm8s_it.o [1]
_interrupt_19           0x008f07         Code  Gb  stm8s_it.o [1]
_interrupt_2            0x0090bc         Code  Gb  stm8s_it.o [1]
_interrupt_20           0x008f1d         Code  Gb  stm8s_it.o [1]
_interrupt_21           0x0090c7         Code  Gb  stm8s_it.o [1]
_interrupt_24           0x0090c8         Code  Gb  stm8s_it.o [1]
_interrupt_25           0x0090c9         Code  Gb  stm8s_it.o [1]
_interrupt_26           0x0090ca         Code  Gb  stm8s_it.o [1]
_interrupt_3            0x0090bd         Code  Gb  stm8s_it.o [1]
_interrupt_4            0x0090be         Code  Gb  stm8s_it.o [1]
_interrupt_5            0x008edb         Code  Gb  stm8s_it.o [1]
_interrupt_6            0x0090bf         Code  Gb  stm8s_it.o [1]
_interrupt_7            0x0090c0         Code  Gb  stm8s_it.o [1]
_interrupt_8            0x0090c1         Code  Gb  stm8s_it.o [1]
_interrupt_9            0x0090c2         Code  Gb  stm8s_it.o [1]
bspInit_exti_sourceWaveMeasure
                        0x008c61   0x35  Code  Lc  main.o [1]
bspInit_gpio_hardwareRelay
                        0x008aa2   0x66  Code  Lc  main.o [1]
bspInit_timer1          0x008df7   0x23  Code  Gb  main.o [1]
bspInit_uart_dataTrans  0x008d5b   0x29  Code  Lc  main.o [1]
bspInit_watchDog        0x008fab   0x12  Code  Lc  main.o [1]
bsp_initialize          0x008c24   0x3d  Code  Lc  main.o [1]
dataReq_actionCounter   0x000010    0x2  Data  Lc  main.o [1]
devDimmer_debugParam    0x000086    0x2  Data  Lc  main.o [1]
devDimmer_freqParam     0x00007a    0x6  Data  Lc  main.o [1]
devOther_realyMagneticHoldParam
                        0x000080    0x6  Data  Lc  main.o [1]
devUart_dataRcvBuf      0x000017   0x43  Data  Lc  main.o [1]
devUart_dataRcvJudgeAttr
                        0x000015    0x2  Data  Lc  main.o [1]
devUart_dataSendBuf     0x00005a   0x20  Data  Lc  main.o [1]
deviceRunningParam      0x000012    0x3  Data  Lc  main.o [1]
exit                    0x0090b5    0x3  Code  Gb  exit.o [4]
frame_Check             0x008dac   0x27  Code  Lc  main.o [1]
interruptHandleFunc_exitElecSouceMeasure
                        0x008e4d   0x1f  Code  Gb  main.o [1]
interruptHandleFunc_timer1
                        0x008080  0x2a2  Code  Gb  main.o [1]
interruptHandleFunc_timer1::counter_10ms
                        0x00008a    0x2  Data  Lc  main.o [1]
interruptHandleFunc_timer1::counter_1ms
                        0x00008e    0x1  Data  Lc  main.o [1]
interruptHandleFunc_timer1::counter_1second
                        0x000088    0x2  Data  Lc  main.o [1]
interruptHandleFunc_timer1::counter_dimmerFollow
                        0x00008c    0x2  Data  Lc  main.o [1]
interruptHandleFunc_uartRx
                        0x008be6   0x3e  Code  Gb  main.o [1]
interruptHandleFunc_uartTx
                        0x008fbd   0x11  Code  Gb  main.o [1]
main                    0x00904f    0xb  Code  Gb  main.o [1]
memcpy                  0x008e6c   0x1f  Code  Gb  memcpy.o [4]
memset                  0x008f33   0x16  Code  Gb  memset.o [4]
process_bussinessDeviceDriver
                        0x0088de   0x83  Code  Lc  main.o [1]
process_uartDataRcv_timeOut_funcHandle
                        0x008ba6   0x40  Code  Lc  main.o [1]
strlen                  0x00902b    0xd  Code  Gb  strlen.o [4]
usrApp_deviceDriverByMcu_applicationExecute
                        0x008778   0xd8  Code  Lc  main.o [1]
usrApp_uart1DataSend    0x008a3a   0x68  Code  Lc  main.o [1]
usrApp_uart1StringSend  0x008c96   0x33  Code  Lc  main.o [1]


[1] = D:\Prj_temp\Proj_l8_stm8exBoard\Debug\Obj
[2] = command line
[3] = dbgstm8smd.a
[4] = dlstm8smn.a

  4 116 bytes of readonly  code memory
    184 bytes of readonly  data memory
    399 bytes of readwrite data memory

Errors: none
Warnings: none
